
> daneshyar-web@0.1.0 dev
> next dev -p 3000

(node:7896) [MODULE_TYPELESS_PACKAGE_JSON] Warning: Module type of file:///C:/Users/CynetAdmin/Desktop/ideaforstudent/frontend/next.config.js is not specified and it doesn't parse as CommonJS.
Reparsing as ES module because module syntax was detected. This incurs a performance overhead.
To eliminate this warning, add "type": "module" to C:\Users\CynetAdmin\Desktop\ideaforstudent\frontend\package.json.
(Use `node --trace-warnings ...` to show where the warning was created)
  ▲ Next.js 14.2.15
  - Local:        http://localhost:3000

 ✓ Starting...
(node:604) [MODULE_TYPELESS_PACKAGE_JSON] Warning: Module type of file:///C:/Users/CynetAdmin/Desktop/ideaforstudent/frontend/next.config.js is not specified and it doesn't parse as CommonJS.
Reparsing as ES module because module syntax was detected. This incurs a performance overhead.
To eliminate this warning, add "type": "module" to C:\Users\CynetAdmin\Desktop\ideaforstudent\frontend\package.json.
(Use `node --trace-warnings ...` to show where the warning was created)
 ✓ Ready in 1170ms
 ○ Compiling /admin ...
 ✓ Compiled /admin in 2.6s (472 modules)
 ⚠ Fast Refresh had to perform a full reload due to a runtime error.
 GET /login 200 in 2693ms
 ⚠ Fast Refresh had to perform a full reload due to a runtime error.
 ⚠ Fast Refresh had to perform a full reload due to a runtime error.
 GET /_next/static/webpack/05bb17a4b15397c9.webpack.hot-update.json 404 in 2742ms
 GET /_next/static/webpack/05bb17a4b15397c9.webpack.hot-update.json 404 in 2764ms
 GET /login? 200 in 2756ms
 GET /admin 200 in 2769ms
 GET /login 200 in 145ms
(node:604) [DEP0060] DeprecationWarning: The `util._extend` API is deprecated. Please use Object.assign() instead.
 GET /login 200 in 48ms
 GET /login 200 in 26ms
 ○ Compiling /teacher ...
 ✓ Compiled /teacher in 514ms (475 modules)
 GET /admin 200 in 50ms
 GET /login 200 in 15ms
 GET /login 200 in 16ms
 ○ Compiling /student ...
 ✓ Compiled /student in 510ms (507 modules)
 GET /login 200 in 52ms
